***************************************************************************
*                          M-SPARC (Feb 20, 2020)                         *
*   Copyright (c) 2019 Material Physics & Mechanics Group, Georgia Tech   *
*           Distributed under GNU General Public License 3 (GPL)          *
*                Date: 11-May-2021  Start time: 21:08:51                  *
***************************************************************************
                           Input parameters                                
***************************************************************************
CELL: 7.500000 8.100000 8.200000 
LATVEC:
0.970404375040354 0.000000000000000 -0.241485711590850 
-0.504751331827941 0.862706058268719 -0.031053985965896 
0.000000000000000 0.000000000000000 1.000000000000000 
FD_GRID: 38 40 41
FD_ORDER: 12
BC: P P P
KPOINT_GRID: 1 1 1
KPOINT_SHIFT: 0 0 0
ELEC_TEMP_TYPE: fermi-dirac
SMEARING: 0.001000000
CHEB_DEGREE: 35
NSTATES: 17
EXCHANGE_CORRELATION: GGA_PBE
CALC_STRESS: 1
MAXIT_SCF: 100
TOL_SCF: 1.00E-06
TOL_POISSON: 1.00E-08
TOL_LANCZOS: 1.00E-02
TOL_PSEUDOCHARGE: 1.00E-08
MIXING_VARIABLE: potential
MIXING_PRECOND: none
MIXING_PARAMETER: 0.30
MIXING_HISTORY: 7
PULAY_FREQUENCY: 1
PULAY_RESTART_FREQ: 0
REFERENCE_CUTOFF: 0.50
RHO_TRIGGER: 4
FIX_RAND: 0
PRINT_FORCES: 1
PRINT_ATOMS: 0
PRINT_EIGEN: 0
PRINT_DENSITY: 0
OUTPUT_FILE: P_triclinic.out
***************************************************************************
                             Initialization                                
***************************************************************************
Mesh spacing in x-direction        :  0.197368 (Bohr)
Mesh spacing in y-direction        :  0.202500 (Bohr)
Mesh spacing in z direction        :  0.200000 (Bohr)
Number of symmetry adapted k-points:  1
Output printed to                  :  P_triclinic.out
Total number of atom types         :  1
Total number of atoms              :  4
Total number of electrons          :  20
Atom type 1  (valence electrons)   :  P 5
Pseudopotential                    :  P.psp8
lloc                               :  4
Pseudocharge radii of atom type 1  :  7.70 7.53 7.53
Number of atoms of type 1          :  4
Estimated total memory usage       :  206.35 MB
=====================================================================
                    Self Consistent Field (SCF#1)                     
=====================================================================
Iteration     Free Energy (Ha/atom)   SCF Error        Timing (sec)
1            -6.5345999705E+00        4.106E-02        26.719
2            -6.5447902765E+00        4.994E-02        9.289
3            -6.5598009382E+00        1.944E-02        8.750
4            -6.5612718967E+00        1.352E-02        8.496
5            -6.5620197221E+00        4.301E-03        8.616
6            -6.5620806715E+00        2.318E-03        8.124
7            -6.5620872195E+00        1.187E-03        8.010
8            -6.5620895408E+00        8.500E-04        8.013
9            -6.5620926206E+00        2.516E-04        7.623
10           -6.5620928671E+00        8.133E-05        7.307
11           -6.5620928750E+00        2.508E-05        7.263
12           -6.5620928648E+00        1.278E-05        6.604
13           -6.5620928754E+00        2.969E-06        6.162
14           -6.5620928500E+00        1.180E-06        6.018
15           -6.5620928750E+00        4.175E-07        5.512
Total number of SCF: 15    
====================================================================
                                Energy                              
====================================================================
Free energy per atom               : -6.5620928750E+00 (Ha/atom)
Total free energy                  : -2.6248371500E+01 (Ha)
Band structure energy              :  3.0137910316E+00 (Ha)
Exchange correlation energy        : -6.9594405736E+00 (Ha)
Self and correction energy         : -1.5479172396E+02 (Ha)
Entropy*kb*T                       : -7.1515095748E-05 (Ha)
Fermi level                        :  3.6596159878E-01 (Ha)
Average force                      :  6.2122168543E-02 (Ha/Bohr)
Maximum force                      :  6.7129966483E-02 (Ha/Bohr)
Time for force calculation         :  5.687 (sec)
Pressure                           :  4.0520216318E+01 (GPa)
Max stress                         :  7.3169466749E+01 (GPa)
Time for stress calculation        :  18.356 (sec)
***************************************************************************
                               Timing info                                 
***************************************************************************
Total walltime                     :  184.956 sec
___________________________________________________________________________

***************************************************************************
*             Material Physics & Mechanics Group, Georgia Tech            *
*                       PI: Phanish Suryanarayana                         *
*                Main Developers: Qimen Xu, Abhiraj Sharma                *
*     Acknowledgements: U.S. DOE (DE-SC0019410); NSF (1333500,1553212)    *
***************************************************************************
                                                                           
