***************************************************************************
*                          M-SPARC (Feb 20, 2020)                         *
*   Copyright (c) 2019 Material Physics & Mechanics Group, Georgia Tech   *
*           Distributed under GNU General Public License 3 (GPL)          *
*                Date: 11-May-2021  Start time: 21:08:46                  *
***************************************************************************
                           Input parameters                                
***************************************************************************
CELL: 6.100000 30.000000 6.100000 
LATVEC:
-0.500000000000000 0.866600000000000 0.000000000000000 
0.000000000000000 0.000000000000000 1.000000000000000 
1.000000000000000 0.000000000000000 0.000000000000000 
FD_GRID: 30 150 30
FD_ORDER: 12
BC: P D P
KPOINT_GRID: 3 1 3
KPOINT_SHIFT: 0 0 0
ELEC_TEMP_TYPE: fermi-dirac
SMEARING: 0.000999994
CHEB_DEGREE: 35
NSTATES: 21
EXCHANGE_CORRELATION: GGA_PBE
CALC_STRESS: 1
MAXIT_SCF: 100
TOL_SCF: 1.00E-06
TOL_POISSON: 1.00E-08
TOL_LANCZOS: 1.00E-02
TOL_PSEUDOCHARGE: 1.00E-08
MIXING_VARIABLE: potential
MIXING_PRECOND: none
MIXING_PARAMETER: 0.30
MIXING_HISTORY: 7
PULAY_FREQUENCY: 1
PULAY_RESTART_FREQ: 0
REFERENCE_CUTOFF: 0.50
RHO_TRIGGER: 4
FIX_RAND: 0
PRINT_FORCES: 1
PRINT_ATOMS: 0
PRINT_EIGEN: 0
PRINT_DENSITY: 0
OUTPUT_FILE: MoS2.out
***************************************************************************
                             Initialization                                
***************************************************************************
Mesh spacing in x-direction        :  0.203333 (Bohr)
Mesh spacing in y-direction        :  0.200000 (Bohr)
Mesh spacing in z direction        :  0.203333 (Bohr)
Number of symmetry adapted k-points:  5
Output printed to                  :  MoS2.out
Total number of atom types         :  2
Total number of atoms              :  3
Total number of electrons          :  26
Atom type 1  (valence electrons)   :  Mo 14
Pseudopotential                    :  Mo.psp8
lloc                               :  4
Pseudocharge radii of atom type 1  :  7.73 7.73 7.73
Number of atoms of type 1          :  1
Atom type 2  (valence electrons)   :  S 6
Pseudopotential                    :  S.psp8
lloc                               :  4
Pseudocharge radii of atom type 2  :  7.73 7.73 7.73
Number of atoms of type 2          :  2
Estimated total memory usage       :  1.22 GB
=====================================================================
                    Self Consistent Field (SCF#1)                     
=====================================================================
Iteration     Free Energy (Ha/atom)   SCF Error        Timing (sec)
1            -2.9667990635E+01        1.542E-01        682.785
2            -2.9629558587E+01        4.717E-01        186.885
3            -2.9693586395E+01        5.182E-02        184.780
4            -2.9694198996E+01        3.051E-02        178.691
5            -2.9693815706E+01        4.292E-02        182.821
6            -2.9694500855E+01        1.982E-02        182.080
7            -2.9694641271E+01        7.931E-03        180.821
8            -2.9694655963E+01        1.434E-03        176.284
9            -2.9694656196E+01        3.054E-04        170.957
10           -2.9694656422E+01        1.616E-04        172.086
11           -2.9694656409E+01        2.736E-05        164.448
12           -2.9694656334E+01        1.519E-05        163.072
13           -2.9694656390E+01        4.098E-06        161.750
14           -2.9694656449E+01        3.094E-06        159.072
15           -2.9694656427E+01        2.958E-06        155.303
16           -2.9694656526E+01        2.436E-06        153.534
17           -2.9694656384E+01        1.127E-06        159.172
18           -2.9694656424E+01        8.114E-07        157.575
Total number of SCF: 18    
====================================================================
                                Energy                              
====================================================================
Free energy per atom               : -2.9694656424E+01 (Ha/atom)
Total free energy                  : -8.9083969271E+01 (Ha)
Band structure energy              : -2.1030613433E+01 (Ha)
Exchange correlation energy        : -1.2270350729E+01 (Ha)
Self and correction energy         : -2.1196806518E+02 (Ha)
Entropy*kb*T                       : -2.6037708712E-10 (Ha)
Fermi level                        : -1.8404632027E-01 (Ha)
Average force                      :  7.8684801474E-02 (Ha/Bohr)
Maximum force                      :  1.1651579723E-01 (Ha/Bohr)
Time for force calculation         :  8.944 (sec)
Max stress                         :  4.6264413863E-03 (Ha/Bohr**2)
Max stress equiv. all periodic     :  4.5371534882E+00 (GPa)
Time for stress calculation        :  26.020 (sec)
***************************************************************************
                               Timing info                                 
***************************************************************************
Total walltime                     :  3649.724 sec
___________________________________________________________________________

***************************************************************************
*             Material Physics & Mechanics Group, Georgia Tech            *
*                       PI: Phanish Suryanarayana                         *
*                Main Developers: Qimen Xu, Abhiraj Sharma                *
*     Acknowledgements: U.S. DOE (DE-SC0019410); NSF (1333500,1553212)    *
***************************************************************************
                                                                           
