***************************************************************************
*                          M-SPARC (Feb 20, 2020)                         *
*   Copyright (c) 2019 Material Physics & Mechanics Group, Georgia Tech   *
*           Distributed under GNU General Public License 3 (GPL)          *
*                Date: 11-May-2021  Start time: 21:05:34                  *
***************************************************************************
                           Input parameters                                
***************************************************************************
CELL: 7.662855 5.508563 8.983776 
LATVEC:
0.981853167430541 0.000000000000000 -0.189642710396718 
0.000000000000000 1.000000000000000 0.000000000000000 
0.000000000000000 0.000000000000000 1.000000000000000 
FD_GRID: 38 28 45
FD_ORDER: 12
BC: P P P
KPOINT_GRID: 1 1 1
KPOINT_SHIFT: 0 0 0
ELEC_TEMP_TYPE: fermi-dirac
SMEARING: 0.001000000
CHEB_DEGREE: 35
NSTATES: 41
EXCHANGE_CORRELATION: GGA_PBE
CALC_STRESS: 1
MAXIT_SCF: 100
TOL_SCF: 1.00E-06
TOL_POISSON: 1.00E-08
TOL_LANCZOS: 1.00E-02
TOL_PSEUDOCHARGE: 1.00E-08
MIXING_VARIABLE: potential
MIXING_PRECOND: none
MIXING_PARAMETER: 0.30
MIXING_HISTORY: 7
PULAY_FREQUENCY: 1
PULAY_RESTART_FREQ: 0
REFERENCE_CUTOFF: 0.50
RHO_TRIGGER: 4
FIX_RAND: 0
PRINT_FORCES: 1
PRINT_ATOMS: 0
PRINT_EIGEN: 0
PRINT_DENSITY: 0
OUTPUT_FILE: TiNi_monoclinic.out
***************************************************************************
                             Initialization                                
***************************************************************************
Mesh spacing in x-direction        :  0.201654 (Bohr)
Mesh spacing in y-direction        :  0.196734 (Bohr)
Mesh spacing in z direction        :  0.199639 (Bohr)
Number of symmetry adapted k-points:  1
Output printed to                  :  TiNi_monoclinic.out
Total number of atom types         :  2
Total number of atoms              :  4
Total number of electrons          :  60
Atom type 1  (valence electrons)   :  Ti 12
Pseudopotential                    :  Ti.psp8
lloc                               :  4
Pseudocharge radii of atom type 1  :  6.81 6.79 6.79
Number of atoms of type 1          :  2
Atom type 2  (valence electrons)   :  Ni 18
Pseudopotential                    :  Ni.psp8
lloc                               :  4
Pseudocharge radii of atom type 2  :  6.81 6.79 6.79
Number of atoms of type 2          :  2
Estimated total memory usage       :  193.61 MB
=====================================================================
                    Self Consistent Field (SCF#1)                     
=====================================================================
Iteration     Free Energy (Ha/atom)   SCF Error        Timing (sec)
1            -5.5289543154E+01        1.882E+00        35.716
2            -9.6329979103E+01        1.668E+00        10.757
3            -1.0803111553E+02        4.540E-01        10.585
4            -9.2959963057E+01        9.981E-01        10.757
5            -1.0129291262E+02        8.443E-01        10.532
