***************************************************************************
*                          M-SPARC (Feb 20, 2020)                         *
*   Copyright (c) 2019 Material Physics & Mechanics Group, Georgia Tech   *
*           Distributed under GNU General Public License 3 (GPL)          *
*                Date: 11-May-2021  Start time: 21:08:39                  *
***************************************************************************
                           Input parameters                                
***************************************************************************
CELL: 5.670000 5.670000 24.000000 
FD_GRID: 28 28 120
FD_ORDER: 12
BC: P P D
KPOINT_GRID: 1 1 1
KPOINT_SHIFT: 0 0 0
ELEC_TEMP_TYPE: fermi-dirac
SMEARING: 0.003674932
CHEB_DEGREE: 35
NSTATES: 8
EXCHANGE_CORRELATION: GGA_PBE
CALC_STRESS: 1
MAXIT_SCF: 100
TOL_SCF: 1.00E-06
TOL_POISSON: 1.00E-08
TOL_LANCZOS: 1.00E-02
TOL_PSEUDOCHARGE: 1.00E-08
MIXING_VARIABLE: potential
MIXING_PRECOND: none
MIXING_PARAMETER: 0.30
MIXING_HISTORY: 7
PULAY_FREQUENCY: 1
PULAY_RESTART_FREQ: 0
REFERENCE_CUTOFF: 0.50
RHO_TRIGGER: 4
FIX_RAND: 0
PRINT_FORCES: 1
PRINT_ATOMS: 1
PRINT_EIGEN: 0
PRINT_DENSITY: 0
OUTPUT_FILE: H2O_sheet.out
***************************************************************************
                             Initialization                                
***************************************************************************
Mesh spacing in x-direction        :  0.202500 (Bohr)
Mesh spacing in y-direction        :  0.202500 (Bohr)
Mesh spacing in z direction        :  0.200000 (Bohr)
Number of symmetry adapted k-points:  1
Output printed to                  :  H2O_sheet.out
Total number of atom types         :  2
Total number of atoms              :  3
Total number of electrons          :  8
Atom type 1  (valence electrons)   :  H 1
Pseudopotential                    :  H_GGA.psp8
lloc                               :  4
Pseudocharge radii of atom type 1  :  6.82 6.80 6.80
Number of atoms of type 1          :  2
Atom type 2  (valence electrons)   :  O 6
Pseudopotential                    :  O_GGA.psp8
lloc                               :  4
Pseudocharge radii of atom type 2  :  6.82 6.80 6.80
Number of atoms of type 2          :  1
Estimated total memory usage       :  288.05 MB
=====================================================================
                    Self Consistent Field (SCF#1)                     
=====================================================================
Iteration     Free Energy (Ha/atom)   SCF Error        Timing (sec)
1            -5.6402762099E+00        5.326E-01        12.138
2            -5.6875117183E+00        9.982E-02        5.934
3            -5.6887324393E+00        3.024E-02        5.072
4            -5.6887730789E+00        3.450E-02        4.950
5            -5.6888516606E+00        5.947E-03        4.762
6            -5.6888533619E+00        2.015E-03        4.074
7            -5.6888545375E+00        2.780E-03        4.362
8            -5.6888548977E+00        3.256E-04        4.142
9            -5.6888548792E+00        3.542E-04        3.748
10           -5.6888549121E+00        3.576E-05        3.247
11           -5.6888549039E+00        5.838E-06        2.922
12           -5.6888549082E+00        2.688E-06        2.279
13           -5.6888549141E+00        1.099E-06        1.839
14           -5.6888549112E+00        4.089E-07        1.774
Total number of SCF: 14    
====================================================================
                                Energy                              
====================================================================
Free energy per atom               : -5.6888549112E+00 (Ha/atom)
Total free energy                  : -1.7066564734E+01 (Ha)
Band structure energy              : -4.0608574736E+00 (Ha)
Exchange correlation energy        : -4.2744713348E+00 (Ha)
Self and correction energy         : -3.6211760729E+01 (Ha)
Entropy*kb*T                       : -1.5531924797E-07 (Ha)
Fermi level                        : -1.8887111926E-01 (Ha)
Average force                      :  2.1581706331E-02 (Ha/Bohr)
Maximum force                      :  2.6692900806E-02 (Ha/Bohr)
Time for force calculation         :  1.395 (sec)
Max stress                         :  6.1085587909E-03 (Ha/Bohr**2)
Max stress equiv. all periodic     :  7.4883335029E+00 (GPa)
Time for stress calculation        :  3.897 (sec)
***************************************************************************
                               Timing info                                 
***************************************************************************
Total walltime                     :  75.627 sec
___________________________________________________________________________

***************************************************************************
*             Material Physics & Mechanics Group, Georgia Tech            *
*                       PI: Phanish Suryanarayana                         *
*                Main Developers: Qimen Xu, Abhiraj Sharma                *
*     Acknowledgements: U.S. DOE (DE-SC0019410); NSF (1333500,1553212)    *
***************************************************************************
                                                                           
