***************************************************************************
*                          M-SPARC (Feb 20, 2020)                         *
*   Copyright (c) 2019 Material Physics & Mechanics Group, Georgia Tech   *
*           Distributed under GNU General Public License 3 (GPL)          *
*                Date: 11-May-2021  Start time: 21:08:41                  *
***************************************************************************
                           Input parameters                                
***************************************************************************
CELL: 7.500000 7.500000 7.500000 
LATVEC:
0.500000000000000 0.500000000000000 0.000000000000000 
0.000000000000000 0.500000000000000 0.500000000000000 
0.500000000000000 0.000000000000000 0.500000000000000 
FD_GRID: 25 30 25
FD_ORDER: 12
BC: P P P
KPOINT_GRID: 2 2 2
KPOINT_SHIFT: 5.000000e-01 5.000000e-01 5.000000e-01
ELEC_TEMP_TYPE: fermi-dirac
SMEARING: 0.001000000
CHEB_DEGREE: 27
NSTATES: 8
EXCHANGE_CORRELATION: GGA_PBE
CALC_STRESS: 1
MAXIT_SCF: 100
TOL_SCF: 1.00E-06
TOL_POISSON: 1.00E-08
TOL_LANCZOS: 1.00E-02
TOL_PSEUDOCHARGE: 1.00E-08
MIXING_VARIABLE: potential
MIXING_PRECOND: none
MIXING_PARAMETER: 0.30
MIXING_HISTORY: 7
PULAY_FREQUENCY: 1
PULAY_RESTART_FREQ: 0
REFERENCE_CUTOFF: 0.50
RHO_TRIGGER: 4
FIX_RAND: 0
PRINT_FORCES: 1
PRINT_ATOMS: 1
PRINT_EIGEN: 0
PRINT_DENSITY: 0
OUTPUT_FILE: Si2_domain_paral.out
***************************************************************************
                             Initialization                                
***************************************************************************
Mesh spacing in x-direction        :  0.300000 (Bohr)
Mesh spacing in y-direction        :  0.250000 (Bohr)
Mesh spacing in z direction        :  0.300000 (Bohr)
Number of symmetry adapted k-points:  4
Output printed to                  :  Si2_domain_paral.out
Total number of atom types         :  1
Total number of atoms              :  2
Total number of electrons          :  8
Atom type 1  (valence electrons)   :  Si 4
Pseudopotential                    :  Si.psp8
lloc                               :  4
Pseudocharge radii of atom type 1  :  8.70 8.70 8.70
Number of atoms of type 1          :  2
Estimated total memory usage       :  88.98 MB
=====================================================================
                    Self Consistent Field (SCF#1)                     
=====================================================================
Iteration     Free Energy (Ha/atom)   SCF Error        Timing (sec)
1            -3.9620904066E+00        2.584E-02        52.521
2            -3.9681960128E+00        1.407E-02        10.582
3            -3.9689266405E+00        3.940E-03        10.630
4            -3.9689658547E+00        1.765E-03        10.465
5            -3.9689695631E+00        3.681E-04        10.376
6            -3.9689698909E+00        1.690E-04        10.905
7            -3.9689699629E+00        5.134E-05        10.111
8            -3.9689699674E+00        1.594E-05        9.981
9            -3.9689699574E+00        5.439E-06        9.889
10           -3.9689699603E+00        1.596E-06        9.867
11           -3.9689699568E+00        1.067E-06        9.765
12           -3.9689699620E+00        1.907E-07        9.754
Total number of SCF: 12    
====================================================================
                                Energy                              
====================================================================
Free energy per atom               : -3.9689699620E+00 (Ha/atom)
Total free energy                  : -7.9379399241E+00 (Ha)
Band structure energy              :  2.7309015392E-02 (Ha)
Exchange correlation energy        : -2.3696439493E+00 (Ha)
Self and correction energy         : -2.5549337306E+01 (Ha)
Entropy*kb*T                       : -4.5952465613E-11 (Ha)
Fermi level                        :  2.1744677223E-01 (Ha)
Average force                      :  4.2322075645E-03 (Ha/Bohr)
Maximum force                      :  4.2322075645E-03 (Ha/Bohr)
Time for force calculation         :  2.724 (sec)
Pressure                           : -7.3817484443E+00 (GPa)
Max stress                         :  7.3944882927E+00 (GPa)
Time for stress calculation        :  8.219 (sec)
***************************************************************************
                               Timing info                                 
***************************************************************************
Total walltime                     :  186.324 sec
___________________________________________________________________________

***************************************************************************
*             Material Physics & Mechanics Group, Georgia Tech            *
*                       PI: Phanish Suryanarayana                         *
*                Main Developers: Qimen Xu, Abhiraj Sharma                *
*     Acknowledgements: U.S. DOE (DE-SC0019410); NSF (1333500,1553212)    *
***************************************************************************
                                                                           
