***************************************************************************
*                          M-SPARC (Feb 20, 2020)                         *
*   Copyright (c) 2019 Material Physics & Mechanics Group, Georgia Tech   *
*           Distributed under GNU General Public License 3 (GPL)          *
*                Date: 11-May-2021  Start time: 21:09:10                  *
***************************************************************************
                           Input parameters                                
***************************************************************************
CELL: 6.000000 14.000000 14.000000 
FD_GRID: 30 70 70
FD_ORDER: 12
BC: P D D
KPOINT_GRID: 1 1 1
KPOINT_SHIFT: 0 0 0
ELEC_TEMP_TYPE: fermi-dirac
SMEARING: 0.003674932
CHEB_DEGREE: 35
NSTATES: 8
EXCHANGE_CORRELATION: LDA_PZ
CALC_STRESS: 1
MAXIT_SCF: 100
TOL_SCF: 1.00E-06
TOL_POISSON: 1.00E-08
TOL_LANCZOS: 1.00E-02
TOL_PSEUDOCHARGE: 1.00E-08
MIXING_VARIABLE: potential
MIXING_PRECOND: none
MIXING_PARAMETER: 0.30
MIXING_HISTORY: 7
PULAY_FREQUENCY: 1
PULAY_RESTART_FREQ: 0
REFERENCE_CUTOFF: 0.50
RHO_TRIGGER: 4
FIX_RAND: 0
PRINT_FORCES: 1
PRINT_ATOMS: 1
PRINT_EIGEN: 0
PRINT_DENSITY: 0
OUTPUT_FILE: H2O_wire.out
***************************************************************************
                             Initialization                                
***************************************************************************
Mesh spacing                       :  0.200000 (Bohr)
Number of symmetry adapted k-points:  1
Output printed to                  :  H2O_wire.out
Total number of atom types         :  2
Total number of atoms              :  3
Total number of electrons          :  8
Atom type 1  (valence electrons)   :  H 1
Pseudopotential                    :  H.psp8
lloc                               :  4
Pseudocharge radii of atom type 1  :  6.60 6.60 6.60
Number of atoms of type 1          :  2
Atom type 2  (valence electrons)   :  O 6
Pseudopotential                    :  O.psp8
lloc                               :  4
Pseudocharge radii of atom type 2  :  6.80 6.80 6.80
Number of atoms of type 2          :  1
Estimated total memory usage       :  459.21 MB
=====================================================================
                    Self Consistent Field (SCF#1)                     
=====================================================================
Iteration     Free Energy (Ha/atom)   SCF Error        Timing (sec)
1            -5.6539730567E+00        2.631E-01        15.731
2            -5.6930844459E+00        7.227E-02        6.560
3            -5.6945396121E+00        1.906E-02        6.191
4            -5.6946594433E+00        1.075E-02        5.498
5            -5.6947048063E+00        4.671E-03        5.588
6            -5.6947076139E+00        1.845E-03        5.065
7            -5.6947079528E+00        2.104E-04        4.883
8            -5.6947079545E+00        6.212E-05        4.978
9            -5.6947079686E+00        1.788E-05        4.499
10           -5.6947079642E+00        5.109E-06        3.487
11           -5.6947079612E+00        1.926E-06        3.707
12           -5.6947079689E+00        6.268E-07        3.293
Total number of SCF: 12    
====================================================================
                                Energy                              
====================================================================
Free energy per atom               : -5.6947079689E+00 (Ha/atom)
Total free energy                  : -1.7084123907E+01 (Ha)
Band structure energy              : -4.2704892661E+00 (Ha)
Exchange correlation energy        : -4.1216143838E+00 (Ha)
Self and correction energy         : -3.5330307325E+01 (Ha)
Entropy*kb*T                       : -1.5788748318E-09 (Ha)
Fermi level                        : -1.6741610384E-01 (Ha)
Average force                      :  1.4574449853E-02 (Ha/Bohr)
Maximum force                      :  1.7650983996E-02 (Ha/Bohr)
Time for force calculation         :  1.702 (sec)
Max stress                         :  2.0806950991E-02 (Ha/Bohr)
Max stress equiv. all periodic     :  3.1232736311E+00 (GPa)
Time for stress calculation        :  4.245 (sec)
***************************************************************************
                               Timing info                                 
***************************************************************************
Total walltime                     :  84.867 sec
___________________________________________________________________________

***************************************************************************
*             Material Physics & Mechanics Group, Georgia Tech            *
*                       PI: Phanish Suryanarayana                         *
*                Main Developers: Qimen Xu, Abhiraj Sharma                *
*     Acknowledgements: U.S. DOE (DE-SC0019410); NSF (1333500,1553212)    *
***************************************************************************
                                                                           
