***************************************************************************
*                          M-SPARC (Feb 20, 2020)                         *
*   Copyright (c) 2019 Material Physics & Mechanics Group, Georgia Tech   *
*           Distributed under GNU General Public License 3 (GPL)          *
*                Date: 11-May-2021  Start time: 21:08:40                  *
***************************************************************************
                           Input parameters                                
***************************************************************************
CELL: 7.630000 7.630000 7.630000 
FD_GRID: 38 38 38
FD_ORDER: 12
BC: P P P
KPOINT_GRID: 1 1 1
KPOINT_SHIFT: 0 0 0
ELEC_TEMP_TYPE: gaussian
SMEARING: 0.007349864
CHEB_DEGREE: 35
NSTATES: 29
EXCHANGE_CORRELATION: LDA_PZ
CALC_STRESS: 1
MAXIT_SCF: 100
TOL_SCF: 1.00E-06
TOL_POISSON: 1.00E-08
TOL_LANCZOS: 1.00E-02
TOL_PSEUDOCHARGE: 1.00E-08
MIXING_VARIABLE: potential
MIXING_PRECOND: none
MIXING_PARAMETER: 0.30
MIXING_HISTORY: 7
PULAY_FREQUENCY: 1
PULAY_RESTART_FREQ: 0
REFERENCE_CUTOFF: 0.50
RHO_TRIGGER: 4
FIX_RAND: 0
PRINT_FORCES: 1
PRINT_ATOMS: 1
PRINT_EIGEN: 0
PRINT_DENSITY: 0
OUTPUT_FILE: BaTiO3.out
***************************************************************************
                             Initialization                                
***************************************************************************
Mesh spacing                       :  0.200789 (Bohr)
Number of symmetry adapted k-points:  1
Output printed to                  :  BaTiO3.out
Total number of atom types         :  3
Total number of atoms              :  5
Total number of electrons          :  40
Atom type 1  (valence electrons)   :  Ba 10
Pseudopotential                    :  Ba.psp8
lloc                               :  4
Pseudocharge radii of atom type 1  :  6.83 6.83 6.83
Number of atoms of type 1          :  1
Atom type 2  (valence electrons)   :  Ti 12
Pseudopotential                    :  Ti.psp8
lloc                               :  4
Pseudocharge radii of atom type 2  :  6.83 6.83 6.83
Number of atoms of type 2          :  1
Atom type 3  (valence electrons)   :  O 6
Pseudopotential                    :  O.psp8
lloc                               :  4
Pseudocharge radii of atom type 3  :  6.83 6.83 6.83
Number of atoms of type 3          :  3
Estimated total memory usage       :  201.78 MB
=====================================================================
                    Self Consistent Field (SCF#1)                     
=====================================================================
Iteration     Free Energy (Ha/atom)   SCF Error        Timing (sec)
1            -2.6138942861E+01        1.686E-01        16.795
2            -2.6251597661E+01        6.708E-02        4.268
3            -2.6260517260E+01        2.647E-02        4.178
4            -2.6261972037E+01        1.436E-02        4.339
5            -2.6262715147E+01        6.438E-03        4.114
6            -2.6262864169E+01        1.807E-03        4.000
7            -2.6262872969E+01        6.905E-04        4.055
8            -2.6262874652E+01        1.051E-04        4.009
9            -2.6262874645E+01        6.897E-05        3.898
10           -2.6262874649E+01        1.369E-05        3.764
11           -2.6262874665E+01        6.520E-06        3.813
12           -2.6262874648E+01        2.742E-06        3.820
13           -2.6262874660E+01        6.366E-07        3.800
Total number of SCF: 13    
====================================================================
                                Energy                              
====================================================================
Free energy per atom               : -2.6262874660E+01 (Ha/atom)
Total free energy                  : -1.3131437330E+02 (Ha)
Band structure energy              : -1.1107913143E+01 (Ha)
Exchange correlation energy        : -2.1381045800E+01 (Ha)
Self and correction energy         : -2.0355778279E+02 (Ha)
Entropy*kb*T                       : -4.7575937547E-10 (Ha)
Fermi level                        :  2.8488948442E-01 (Ha)
Average force                      :  1.2250044167E-01 (Ha/Bohr)
Maximum force                      :  2.7200336807E-01 (Ha/Bohr)
Time for force calculation         :  2.258 (sec)
Pressure                           :  3.1106138110E+01 (GPa)
Max stress                         :  3.9303963582E+01 (GPa)
Time for stress calculation        :  6.014 (sec)
***************************************************************************
                               Timing info                                 
***************************************************************************
Total walltime                     :  79.896 sec
___________________________________________________________________________

***************************************************************************
*             Material Physics & Mechanics Group, Georgia Tech            *
*                       PI: Phanish Suryanarayana                         *
*                Main Developers: Qimen Xu, Abhiraj Sharma                *
*     Acknowledgements: U.S. DOE (DE-SC0019410); NSF (1333500,1553212)    *
***************************************************************************
                                                                           
