***************************************************************************
*                          M-SPARC (Feb 20, 2020)                         *
*   Copyright (c) 2019 Material Physics & Mechanics Group, Georgia Tech   *
*           Distributed under GNU General Public License 3 (GPL)          *
*                Date: 11-May-2021  Start time: 21:09:36                  *
***************************************************************************
                           Input parameters                                
***************************************************************************
CELL: 15.400000 7.700000 7.700000 
LATVEC:
0.000000000000000 0.500000000000000 0.500000000000000 
0.500000000000000 0.000000000000000 0.500000000000000 
0.500000000000000 0.500000000000000 0.000000000000000 
FD_GRID: 77 39 39
FD_ORDER: 12
BC: P P P
KPOINT_GRID: 1 1 1
KPOINT_SHIFT: 0 0 0
ELEC_TEMP_TYPE: fermi-dirac
SMEARING: 0.009500435
CHEB_DEGREE: 35
NSTATES: 28
EXCHANGE_CORRELATION: LDA_PZ
CALC_STRESS: 1
MAXIT_SCF: 100
TOL_SCF: 1.00E-06
TOL_POISSON: 1.00E-08
TOL_LANCZOS: 1.00E-02
TOL_PSEUDOCHARGE: 1.00E-08
MIXING_VARIABLE: density
MIXING_PRECOND: kerker
TOL_PRECOND: 3.93E-05
PRECOND_KERKER_KTF: 1.00
MIXING_PARAMETER: 0.30
MIXING_HISTORY: 7
PULAY_FREQUENCY: 1
PULAY_RESTART_FREQ: 0
REFERENCE_CUTOFF: 0.50
RHO_TRIGGER: 4
FIX_RAND: 0
PRINT_FORCES: 1
PRINT_ATOMS: 1
PRINT_EIGEN: 0
PRINT_DENSITY: 0
OUTPUT_FILE: Au_fcc211.out
***************************************************************************
                             Initialization                                
***************************************************************************
Mesh spacing in x-direction        :  0.200000 (Bohr)
Mesh spacing in y-direction        :  0.197436 (Bohr)
Mesh spacing in z direction        :  0.197436 (Bohr)
Number of symmetry adapted k-points:  1
Output printed to                  :  Au_fcc211.out
Total number of atom types         :  1
Total number of atoms              :  2
Total number of electrons          :  38
Atom type 1  (valence electrons)   :  Au 19
Pseudopotential                    :  Au.psp8
lloc                               :  4
Pseudocharge radii of atom type 1  :  8.33 8.29 8.29
Number of atoms of type 1          :  2
Estimated total memory usage       :  427.11 MB
=====================================================================
                    Self Consistent Field (SCF#1)                     
=====================================================================
Iteration     Free Energy (Ha/atom)   SCF Error        Timing (sec)
1            -1.3740499712E+02        2.983E-02        83.395
2            -1.3744622086E+02        2.081E-02        33.437
3            -1.3744556154E+02        8.783E-03        34.015
4            -1.3744516709E+02        4.335E-03        33.302
5            -1.3744500341E+02        1.779E-03        35.160
6            -1.3744498246E+02        8.070E-04        32.700
7            -1.3744498237E+02        3.853E-04        32.436
8            -1.3744498349E+02        1.547E-04        28.304
9            -1.3744498372E+02        7.399E-05        28.656
10           -1.3744498386E+02        2.833E-05        30.796
11           -1.3744498389E+02        1.756E-05        27.634
12           -1.3744498385E+02        6.219E-06        26.498
13           -1.3744498385E+02        4.424E-06        28.967
14           -1.3744498387E+02        1.356E-06        24.837
15           -1.3744498387E+02        7.793E-07        15.802
Total number of SCF: 15    
====================================================================
                                Energy                              
====================================================================
Free energy per atom               : -1.3744498387E+02 (Ha/atom)
Total free energy                  : -2.7488996774E+02 (Ha)
Band structure energy              : -4.0909950430E+01 (Ha)
Exchange correlation energy        : -2.4789477181E+01 (Ha)
Self and correction energy         : -3.7606681800E+02 (Ha)
Entropy*kb*T                       : -1.5837958293E-02 (Ha)
Fermi level                        : -1.6471620689E-02 (Ha)
Average force                      :  5.7013373743E-03 (Ha/Bohr)
Maximum force                      :  5.7013373743E-03 (Ha/Bohr)
Time for force calculation         :  5.744 (sec)
Pressure                           : -1.4964960472E+01 (GPa)
Max stress                         :  1.5073537340E+01 (GPa)
Time for stress calculation        :  16.039 (sec)
***************************************************************************
                               Timing info                                 
***************************************************************************
Total walltime                     :  567.563 sec
___________________________________________________________________________

***************************************************************************
*             Material Physics & Mechanics Group, Georgia Tech            *
*                       PI: Phanish Suryanarayana                         *
*                Main Developers: Qimen Xu, Abhiraj Sharma                *
*     Acknowledgements: U.S. DOE (DE-SC0019410); NSF (1333500,1553212)    *
***************************************************************************
                                                                           
