***************************************************************************
*                          M-SPARC (Feb 20, 2020)                         *
*   Copyright (c) 2019 Material Physics & Mechanics Group, Georgia Tech   *
*           Distributed under GNU General Public License 3 (GPL)          *
*                Date: 11-May-2021  Start time: 21:09:11                  *
***************************************************************************
                           Input parameters                                
***************************************************************************
CELL: 14.000000 14.000000 6.000000 
FD_GRID: 70 70 30
FD_ORDER: 12
BC: D D P
KPOINT_GRID: 1 1 1
KPOINT_SHIFT: 0 0 0
ELEC_TEMP_TYPE: fermi-dirac
SMEARING: 0.003674932
CHEB_DEGREE: 35
NSTATES: 8
EXCHANGE_CORRELATION: LDA_PZ
CALC_STRESS: 1
MAXIT_SCF: 100
TOL_SCF: 1.00E-06
TOL_POISSON: 1.00E-08
TOL_LANCZOS: 1.00E-02
TOL_PSEUDOCHARGE: 1.00E-08
MIXING_VARIABLE: potential
MIXING_PRECOND: none
MIXING_PARAMETER: 0.30
MIXING_HISTORY: 7
PULAY_FREQUENCY: 1
PULAY_RESTART_FREQ: 0
REFERENCE_CUTOFF: 0.50
RHO_TRIGGER: 4
FIX_RAND: 0
PRINT_FORCES: 1
PRINT_ATOMS: 1
PRINT_EIGEN: 0
PRINT_DENSITY: 0
OUTPUT_FILE: H2O_wire.out
***************************************************************************
                             Initialization                                
***************************************************************************
Mesh spacing                       :  0.200000 (Bohr)
Number of symmetry adapted k-points:  1
Output printed to                  :  H2O_wire.out
Total number of atom types         :  2
Total number of atoms              :  3
Total number of electrons          :  8
Atom type 1  (valence electrons)   :  H 1
Pseudopotential                    :  H.psp8
lloc                               :  4
Pseudocharge radii of atom type 1  :  6.60 6.60 6.60
Number of atoms of type 1          :  2
Atom type 2  (valence electrons)   :  O 6
Pseudopotential                    :  O.psp8
lloc                               :  4
Pseudocharge radii of atom type 2  :  6.80 6.80 6.80
Number of atoms of type 2          :  1
Estimated total memory usage       :  459.21 MB
=====================================================================
                    Self Consistent Field (SCF#1)                     
=====================================================================
Iteration     Free Energy (Ha/atom)   SCF Error        Timing (sec)
1            -5.6529524500E+00        2.667E-01        15.360
2            -5.6932805322E+00        7.026E-02        6.343
3            -5.6945654481E+00        2.007E-02        6.130
4            -5.6946616448E+00        8.938E-03        5.473
5            -5.6947004810E+00        5.599E-03        5.642
6            -5.6947073839E+00        9.549E-04        5.280
7            -5.6947079573E+00        1.633E-04        4.848
8            -5.6947079560E+00        4.373E-05        4.925
9            -5.6947079605E+00        2.269E-05        3.620
10           -5.6947079742E+00        3.030E-06        3.797
11           -5.6947079723E+00        1.738E-06        3.555
12           -5.6947079854E+00        5.107E-07        3.000
Total number of SCF: 12    
====================================================================
                                Energy                              
====================================================================
Free energy per atom               : -5.6947079854E+00 (Ha/atom)
Total free energy                  : -1.7084123956E+01 (Ha)
Band structure energy              : -4.2704911646E+00 (Ha)
Exchange correlation energy        : -4.1216145852E+00 (Ha)
Self and correction energy         : -3.5330307325E+01 (Ha)
Entropy*kb*T                       : -1.5788743811E-09 (Ha)
Fermi level                        : -1.6741622657E-01 (Ha)
Average force                      :  1.4574635783E-02 (Ha/Bohr)
Maximum force                      :  1.7651054648E-02 (Ha/Bohr)
Time for force calculation         :  1.563 (sec)
Max stress                         :  2.0806981133E-02 (Ha/Bohr)
Max stress equiv. all periodic     :  3.1232781556E+00 (GPa)
Time for stress calculation        :  4.060 (sec)
***************************************************************************
                               Timing info                                 
***************************************************************************
Total walltime                     :  84.112 sec
___________________________________________________________________________

***************************************************************************
*             Material Physics & Mechanics Group, Georgia Tech            *
*                       PI: Phanish Suryanarayana                         *
*                Main Developers: Qimen Xu, Abhiraj Sharma                *
*     Acknowledgements: U.S. DOE (DE-SC0019410); NSF (1333500,1553212)    *
***************************************************************************
                                                                           
