***************************************************************************
*                          M-SPARC (Feb 20, 2020)                         *
*   Copyright (c) 2019 Material Physics & Mechanics Group, Georgia Tech   *
*           Distributed under GNU General Public License 3 (GPL)          *
*                Date: 11-May-2021  Start time: 21:08:42                  *
***************************************************************************
                           Input parameters                                
***************************************************************************
CELL: 7.500000 7.500000 7.500000 
LATVEC:
0.500000000000000 0.500000000000000 0.000000000000000 
0.000000000000000 0.500000000000000 0.500000000000000 
0.500000000000000 0.000000000000000 0.500000000000000 
FD_GRID: 25 25 25
FD_ORDER: 12
BC: P P P
KPOINT_GRID: 2 2 2
KPOINT_SHIFT: 5.000000e-01 5.000000e-01 5.000000e-01
ELEC_TEMP_TYPE: fermi-dirac
SMEARING: 0.001000000
CHEB_DEGREE: 25
NSTATES: 10
EXCHANGE_CORRELATION: GGA_PBE
CALC_STRESS: 1
MAXIT_SCF: 100
TOL_SCF: 1.00E-06
TOL_POISSON: 1.00E-08
TOL_LANCZOS: 1.00E-02
TOL_PSEUDOCHARGE: 1.00E-08
MIXING_VARIABLE: potential
MIXING_PRECOND: none
MIXING_PARAMETER: 0.30
MIXING_HISTORY: 7
PULAY_FREQUENCY: 1
PULAY_RESTART_FREQ: 0
REFERENCE_CUTOFF: 0.50
RHO_TRIGGER: 4
FIX_RAND: 0
PRINT_FORCES: 1
PRINT_ATOMS: 1
PRINT_EIGEN: 0
PRINT_DENSITY: 0
OUTPUT_FILE: Si2_kpt_paral.out
***************************************************************************
                             Initialization                                
***************************************************************************
Mesh spacing                       :  0.300000 (Bohr)
Number of symmetry adapted k-points:  4
Output printed to                  :  Si2_kpt_paral.out
Total number of atom types         :  1
Total number of atoms              :  2
Total number of electrons          :  8
Atom type 1  (valence electrons)   :  Si 4
Pseudopotential                    :  Si.psp8
lloc                               :  4
Pseudocharge radii of atom type 1  :  8.70 8.70 8.70
Number of atoms of type 1          :  2
Estimated total memory usage       :  81.78 MB
=====================================================================
                    Self Consistent Field (SCF#1)                     
=====================================================================
Iteration     Free Energy (Ha/atom)   SCF Error        Timing (sec)
1            -3.9653531669E+00        2.660E-02        50.881
2            -3.9685232046E+00        1.410E-02        10.414
3            -3.9689599155E+00        3.418E-03        10.449
4            -3.9689700058E+00        1.781E-03        10.357
5            -3.9689717254E+00        3.237E-04        10.275
6            -3.9689718221E+00        1.686E-04        10.114
7            -3.9689718709E+00        5.058E-05        10.810
8            -3.9689718617E+00        1.433E-05        10.053
9            -3.9689718582E+00        3.426E-06        9.885
10           -3.9689718594E+00        1.421E-06        9.916
11           -3.9689718541E+00        2.232E-07        9.737
Total number of SCF: 11    
====================================================================
                                Energy                              
====================================================================
Free energy per atom               : -3.9689718541E+00 (Ha/atom)
Total free energy                  : -7.9379437081E+00 (Ha)
Band structure energy              :  2.7302779236E-02 (Ha)
Exchange correlation energy        : -2.3696434771E+00 (Ha)
Self and correction energy         : -2.5549448396E+01 (Ha)
Entropy*kb*T                       : -7.5501241005E-11 (Ha)
Fermi level                        :  2.1796835591E-01 (Ha)
Average force                      :  4.2310855612E-03 (Ha/Bohr)
Maximum force                      :  4.2310855612E-03 (Ha/Bohr)
Time for force calculation         :  2.568 (sec)
Pressure                           : -7.3540776374E+00 (GPa)
Max stress                         :  7.3540823843E+00 (GPa)
Time for stress calculation        :  7.681 (sec)
***************************************************************************
                               Timing info                                 
***************************************************************************
Total walltime                     :  173.026 sec
___________________________________________________________________________

***************************************************************************
*             Material Physics & Mechanics Group, Georgia Tech            *
*                       PI: Phanish Suryanarayana                         *
*                Main Developers: Qimen Xu, Abhiraj Sharma                *
*     Acknowledgements: U.S. DOE (DE-SC0019410); NSF (1333500,1553212)    *
***************************************************************************
                                                                           
