***************************************************************************
*                          M-SPARC (Feb 20, 2020)                         *
*   Copyright (c) 2019 Material Physics & Mechanics Group, Georgia Tech   *
*           Distributed under GNU General Public License 3 (GPL)          *
*                Date: 11-May-2021  Start time: 21:08:48                  *
***************************************************************************
                           Input parameters                                
***************************************************************************
CELL: 6.100000 6.100000 30.000000 
LATVEC:
1.000000000000000 0.000000000000000 0.000000000000000 
-0.500000000000000 0.866600000000000 0.000000000000000 
0.000000000000000 0.000000000000000 1.000000000000000 
FD_GRID: 30 30 150
FD_ORDER: 12
BC: P P D
KPOINT_GRID: 3 3 1
KPOINT_SHIFT: 0 0 0
ELEC_TEMP_TYPE: fermi-dirac
SMEARING: 0.000999994
CHEB_DEGREE: 35
NSTATES: 21
EXCHANGE_CORRELATION: GGA_PBE
CALC_STRESS: 1
MAXIT_SCF: 100
TOL_SCF: 1.00E-06
TOL_POISSON: 1.00E-08
TOL_LANCZOS: 1.00E-02
TOL_PSEUDOCHARGE: 1.00E-08
MIXING_VARIABLE: potential
MIXING_PRECOND: none
MIXING_PARAMETER: 0.30
MIXING_HISTORY: 7
PULAY_FREQUENCY: 1
PULAY_RESTART_FREQ: 0
REFERENCE_CUTOFF: 0.50
RHO_TRIGGER: 4
FIX_RAND: 0
PRINT_FORCES: 1
PRINT_ATOMS: 0
PRINT_EIGEN: 0
PRINT_DENSITY: 0
OUTPUT_FILE: MoS2.out
***************************************************************************
                             Initialization                                
***************************************************************************
Mesh spacing in x-direction        :  0.203333 (Bohr)
Mesh spacing in y-direction        :  0.203333 (Bohr)
Mesh spacing in z direction        :  0.200000 (Bohr)
Number of symmetry adapted k-points:  5
Output printed to                  :  MoS2.out
Total number of atom types         :  2
Total number of atoms              :  3
Total number of electrons          :  26
Atom type 1  (valence electrons)   :  Mo 14
Pseudopotential                    :  Mo.psp8
lloc                               :  4
Pseudocharge radii of atom type 1  :  7.64 7.60 7.60
Number of atoms of type 1          :  1
Atom type 2  (valence electrons)   :  S 6
Pseudopotential                    :  S.psp8
lloc                               :  4
Pseudocharge radii of atom type 2  :  7.64 7.60 7.60
Number of atoms of type 2          :  2
Estimated total memory usage       :  1.22 GB
=====================================================================
                    Self Consistent Field (SCF#1)                     
=====================================================================
Iteration     Free Energy (Ha/atom)   SCF Error        Timing (sec)
1            -2.9669495854E+01        1.293E-01        774.055
2            -2.9660176468E+01        3.620E-01        207.950
3            -2.9693573469E+01        3.630E-02        210.236
4            -2.9694100590E+01        3.184E-02        207.544
5            -2.9694200606E+01        2.951E-02        203.457
6            -2.9694617471E+01        8.232E-03        201.402
7            -2.9694651093E+01        2.372E-03        199.152
8            -2.9694656171E+01        2.570E-04        203.363
9            -2.9694656415E+01        1.476E-04        194.179
10           -2.9694656470E+01        9.703E-05        206.046
11           -2.9694656346E+01        7.474E-05        203.881
12           -2.9694656495E+01        2.225E-05        202.949
13           -2.9694656411E+01        4.874E-06        197.536
14           -2.9694656407E+01        1.582E-06        196.031
15           -2.9694656353E+01        1.253E-06        192.978
16           -2.9694656370E+01        1.105E-06        177.337
17           -2.9694656360E+01        1.033E-06        176.829
18           -2.9694656481E+01        7.112E-07        176.026
Total number of SCF: 18    
====================================================================
                                Energy                              
====================================================================
Free energy per atom               : -2.9694656481E+01 (Ha/atom)
Total free energy                  : -8.9083969443E+01 (Ha)
Band structure energy              : -2.1030612066E+01 (Ha)
Exchange correlation energy        : -1.2270350951E+01 (Ha)
Self and correction energy         : -2.1196806518E+02 (Ha)
Entropy*kb*T                       : -2.0597330554E-10 (Ha)
Fermi level                        : -1.8436806141E-01 (Ha)
Average force                      :  7.8684393361E-02 (Ha/Bohr)
Maximum force                      :  1.1651499198E-01 (Ha/Bohr)
Time for force calculation         :  9.216 (sec)
Max stress                         :  1.4207042116E-03 (Ha/Bohr**2)
Max stress equiv. all periodic     :  1.3932853637E+00 (GPa)
Time for stress calculation        :  27.620 (sec)
***************************************************************************
                               Timing info                                 
***************************************************************************
Total walltime                     :  4214.551 sec
___________________________________________________________________________

***************************************************************************
*             Material Physics & Mechanics Group, Georgia Tech            *
*                       PI: Phanish Suryanarayana                         *
*                Main Developers: Qimen Xu, Abhiraj Sharma                *
*     Acknowledgements: U.S. DOE (DE-SC0019410); NSF (1333500,1553212)    *
***************************************************************************
                                                                           
