***************************************************************************
*                          M-SPARC (Feb 20, 2020)                         *
*   Copyright (c) 2019 Material Physics & Mechanics Group, Georgia Tech   *
*           Distributed under GNU General Public License 3 (GPL)          *
*                Date: 11-May-2021  Start time: 21:08:39                  *
***************************************************************************
                           Input parameters                                
***************************************************************************
CELL: 5.420000 5.420000 5.420000 
FD_GRID: 36 36 36
FD_ORDER: 12
BC: P P P
KPOINT_GRID: 2 2 2
KPOINT_SHIFT: 5.000000e-01 5.000000e-01 5.000000e-01
SPIN_TYP: 1
ELEC_TEMP_TYPE: fermi-dirac
SMEARING: 0.009999936
CHEB_DEGREE: 42
NSTATES: 35
EXCHANGE_CORRELATION: GGA_PBE
CALC_STRESS: 1
MAXIT_SCF: 100
TOL_SCF: 1.00E-06
TOL_POISSON: 1.00E-08
TOL_LANCZOS: 1.00E-02
TOL_PSEUDOCHARGE: 1.00E-08
MIXING_VARIABLE: potential
MIXING_PRECOND: none
MIXING_PARAMETER: 0.30
MIXING_HISTORY: 7
PULAY_FREQUENCY: 1
PULAY_RESTART_FREQ: 0
REFERENCE_CUTOFF: 0.50
RHO_TRIGGER: 4
FIX_RAND: 0
PRINT_FORCES: 1
PRINT_ATOMS: 0
PRINT_EIGEN: 0
PRINT_DENSITY: 0
OUTPUT_FILE: Fe_spin.out
***************************************************************************
                             Initialization                                
***************************************************************************
Mesh spacing                       :  0.150556 (Bohr)
Number of symmetry adapted k-points:  4
Output printed to                  :  Fe_spin.out
Total number of atom types         :  1
Total number of atoms              :  2
Total number of electrons          :  32
Atom type 1  (valence electrons)   :  Fe 16
Pseudopotential                    :  FeGGA.psp8
lloc                               :  4
Pseudocharge radii of atom type 1  :  6.62 6.62 6.62
Number of atoms of type 1          :  2
Estimated total memory usage       :  927.62 MB
========================================================================================
                            Self Consistent Field (SCF#1)                     
========================================================================================
Iteration     Free Energy (Ha/atom)    Magnetization     SCF Error        Timing (sec)
1            -1.9619690636E+02         3.2143E+00        1.963E-01        574.419
2            -1.9635206983E+02         1.0622E+00        7.147E-02        137.619
3            -1.9637203827E+02         4.4725E-01        4.327E-02        138.166
4            -1.9638131954E+02         5.7337E-02        2.505E-02        137.224
5            -1.9638268253E+02         5.2780E-02        1.218E-02        138.455
6            -1.9638318554E+02         2.4183E-02        4.239E-03        136.930
7            -1.9638330779E+02         1.9567E-03        1.441E-03        137.464
8            -1.9638331206E+02        -2.9214E-03        9.191E-04        136.275
9            -1.9638331495E+02        -1.1292E-04        1.153E-04        137.586
10           -1.9638331496E+02         1.8571E-05        2.744E-05        137.269
11           -1.9638331496E+02         2.7168E-05        7.341E-06        136.981
12           -1.9638331496E+02         1.5361E-06        2.844E-06        138.070
13           -1.9638331496E+02         1.3440E-06        8.780E-07        136.720
Total number of SCF: 13    
====================================================================
                                Energy                              
====================================================================
Free energy per atom               : -1.9638331496E+02 (Ha/atom)
Total free energy                  : -3.9276662992E+02 (Ha)
Band structure energy              : -1.8139688399E+02 (Ha)
Exchange correlation energy        : -2.5405605009E+01 (Ha)
Self and correction energy         : -2.4243747560E+02 (Ha)
Entropy*kb*T                       : -4.1582648883E-03 (Ha)
Fermi level                        :  2.5987131295E-01 (Ha)
Net Magnetization                  :  1.3439734694E-06 
Average force                      :  5.0196328463E-06 (Ha/Bohr)
Maximum force                      :  5.0196328463E-06 (Ha/Bohr)
Time for force calculation         :  5.859 (sec)
Pressure                           : -4.2501212732E+01 (GPa)
Max stress                         :  4.2501413789E+01 (GPa)
Time for stress calculation        :  16.820 (sec)
***************************************************************************
                               Timing info                                 
***************************************************************************
Total walltime                     :  2251.505 sec
___________________________________________________________________________

***************************************************************************
*             Material Physics & Mechanics Group, Georgia Tech            *
*                       PI: Phanish Suryanarayana                         *
*                Main Developers: Qimen Xu, Abhiraj Sharma                *
*     Acknowledgements: U.S. DOE (DE-SC0019410); NSF (1333500,1553212)    *
***************************************************************************
                                                                           
