***************************************************************************
*                          M-SPARC (Feb 20, 2020)                         *
*   Copyright (c) 2019 Material Physics & Mechanics Group, Georgia Tech   *
*           Distributed under GNU General Public License 3 (GPL)          *
*                Date: 11-May-2021  Start time: 21:09:15                  *
***************************************************************************
                           Input parameters                                
***************************************************************************
CELL: 10.200000 10.200000 10.200000 
LATVEC:
1.000000000000000 0.000000000000000 0.000000000000000 
-0.292371704722737 0.956304755963035 0.000000000000000 
0.173648177666930 -0.110492654830881 0.978589640054184 
FD_GRID: 25 25 25
FD_ORDER: 12
BC: P P P
KPOINT_GRID: 1 1 1
KPOINT_SHIFT: 0 0 0
ELEC_TEMP_TYPE: fermi-dirac
SMEARING: 0.000999994
CHEB_DEGREE: 20
NSTATES: 30
EXCHANGE_CORRELATION: GGA_PBE
CALC_STRESS: 1
MAXIT_SCF: 100
TOL_SCF: 1.00E-06
TOL_POISSON: 1.00E-08
TOL_LANCZOS: 1.00E-02
TOL_PSEUDOCHARGE: 1.00E-08
MIXING_VARIABLE: potential
MIXING_PRECOND: none
MIXING_PARAMETER: 0.30
MIXING_HISTORY: 7
PULAY_FREQUENCY: 1
PULAY_RESTART_FREQ: 0
REFERENCE_CUTOFF: 0.50
RHO_TRIGGER: 4
FIX_RAND: 0
PRINT_FORCES: 1
PRINT_ATOMS: 0
PRINT_EIGEN: 0
PRINT_DENSITY: 0
OUTPUT_FILE: Si8.out
***************************************************************************
                             Initialization                                
***************************************************************************
Mesh spacing                       :  0.408000 (Bohr)
Number of symmetry adapted k-points:  1
Output printed to                  :  Si8.out
Total number of atom types         :  1
Total number of atoms              :  8
Total number of electrons          :  32
Atom type 1  (valence electrons)   :  Si 4
Pseudopotential                    :  Si.psp8
lloc                               :  4
Pseudocharge radii of atom type 1  :  7.75 7.75 7.75
Number of atoms of type 1          :  8
Estimated total memory usage       :  57.94 MB
=====================================================================
                    Self Consistent Field (SCF#1)                     
=====================================================================
Iteration     Free Energy (Ha/atom)   SCF Error        Timing (sec)
1            -3.9136362203E+00        2.309E-02        8.587
2            -3.9152263564E+00        1.431E-02        2.152
3            -3.9154557077E+00        8.513E-03        2.220
4            -3.9155372649E+00        4.217E-03        2.176
5            -3.9155511567E+00        2.187E-03        2.032
6            -3.9155548679E+00        8.991E-04        1.962
7            -3.9155553450E+00        4.390E-04        1.935
8            -3.9155554884E+00        1.894E-04        1.956
9            -3.9155555406E+00        6.915E-05        1.849
10           -3.9155555403E+00        2.569E-05        1.782
11           -3.9155555289E+00        1.375E-05        1.798
12           -3.9155555276E+00        4.313E-06        1.805
13           -3.9155555269E+00        2.035E-06        1.648
14           -3.9155555248E+00        7.966E-07        1.631
Total number of SCF: 14    
====================================================================
                                Energy                              
====================================================================
Free energy per atom               : -3.9155555248E+00 (Ha/atom)
Total free energy                  : -3.1324444199E+01 (Ha)
Band structure energy              :  1.3723944870E+00 (Ha)
Exchange correlation energy        : -9.7764032276E+00 (Ha)
Self and correction energy         : -1.0219468888E+02 (Ha)
Entropy*kb*T                       : -2.0845229032E-04 (Ha)
Fermi level                        :  2.3355813675E-01 (Ha)
Average force                      :  1.3572956395E-01 (Ha/Bohr)
Maximum force                      :  1.3577030785E-01 (Ha/Bohr)
Time for force calculation         :  3.646 (sec)
Pressure                           :  1.7874748830E+01 (GPa)
Max stress                         :  2.2523365016E+01 (GPa)
Time for stress calculation        :  8.017 (sec)
***************************************************************************
                               Timing info                                 
***************************************************************************
Total walltime                     :  54.375 sec
___________________________________________________________________________

***************************************************************************
*             Material Physics & Mechanics Group, Georgia Tech            *
*                       PI: Phanish Suryanarayana                         *
*                Main Developers: Qimen Xu, Abhiraj Sharma                *
*     Acknowledgements: U.S. DOE (DE-SC0019410); NSF (1333500,1553212)    *
***************************************************************************
                                                                           
