***************************************************************************
*                          M-SPARC (Feb 20, 2020)                         *
*   Copyright (c) 2019 Material Physics & Mechanics Group, Georgia Tech   *
*           Distributed under GNU General Public License 3 (GPL)          *
*                Date: 11-May-2021  Start time: 21:08:39                  *
***************************************************************************
                           Input parameters                                
***************************************************************************
CELL: 24.000000 5.670000 5.670000 
FD_GRID: 120 28 28
FD_ORDER: 12
BC: D P P
KPOINT_GRID: 1 1 1
KPOINT_SHIFT: 0 0 0
ELEC_TEMP_TYPE: fermi-dirac
SMEARING: 0.003674932
CHEB_DEGREE: 35
NSTATES: 8
EXCHANGE_CORRELATION: GGA_PBE
CALC_STRESS: 1
MAXIT_SCF: 100
TOL_SCF: 1.00E-06
TOL_POISSON: 1.00E-08
TOL_LANCZOS: 1.00E-02
TOL_PSEUDOCHARGE: 1.00E-08
MIXING_VARIABLE: potential
MIXING_PRECOND: none
MIXING_PARAMETER: 0.30
MIXING_HISTORY: 7
PULAY_FREQUENCY: 1
PULAY_RESTART_FREQ: 0
REFERENCE_CUTOFF: 0.50
RHO_TRIGGER: 4
FIX_RAND: 0
PRINT_FORCES: 1
PRINT_ATOMS: 1
PRINT_EIGEN: 0
PRINT_DENSITY: 0
OUTPUT_FILE: H2O_sheet.out
***************************************************************************
                             Initialization                                
***************************************************************************
Mesh spacing in x-direction        :  0.200000 (Bohr)
Mesh spacing in y-direction        :  0.202500 (Bohr)
Mesh spacing in z direction        :  0.202500 (Bohr)
Number of symmetry adapted k-points:  1
Output printed to                  :  H2O_sheet.out
Total number of atom types         :  2
Total number of atoms              :  3
Total number of electrons          :  8
Atom type 1  (valence electrons)   :  H 1
Pseudopotential                    :  H_GGA.psp8
lloc                               :  4
Pseudocharge radii of atom type 1  :  6.80 6.82 6.82
Number of atoms of type 1          :  2
Atom type 2  (valence electrons)   :  O 6
Pseudopotential                    :  O_GGA.psp8
lloc                               :  4
Pseudocharge radii of atom type 2  :  6.80 6.82 6.82
Number of atoms of type 2          :  1
Estimated total memory usage       :  288.05 MB
=====================================================================
                    Self Consistent Field (SCF#1)                     
=====================================================================
Iteration     Free Energy (Ha/atom)   SCF Error        Timing (sec)
1            -5.6390948380E+00        5.330E-01        12.012
2            -5.6873626985E+00        1.003E-01        5.945
3            -5.6887086735E+00        3.135E-02        5.076
4            -5.6887198203E+00        4.352E-02        5.003
5            -5.6888511625E+00        1.074E-02        4.764
6            -5.6888529605E+00        4.996E-03        4.043
7            -5.6888541393E+00        3.800E-03        4.420
8            -5.6888548999E+00        1.890E-04        4.244
9            -5.6888549070E+00        8.053E-05        3.418
10           -5.6888548987E+00        5.195E-05        2.898
11           -5.6888548922E+00        1.104E-05        2.798
12           -5.6888549052E+00        6.846E-06        1.846
13           -5.6888548977E+00        1.010E-06        2.154
14           -5.6888549047E+00        3.921E-07        1.812
Total number of SCF: 14    
====================================================================
                                Energy                              
====================================================================
Free energy per atom               : -5.6888549047E+00 (Ha/atom)
Total free energy                  : -1.7066564714E+01 (Ha)
Band structure energy              : -4.0608659880E+00 (Ha)
Exchange correlation energy        : -4.2744713211E+00 (Ha)
Self and correction energy         : -3.6211760729E+01 (Ha)
Entropy*kb*T                       : -1.5531987867E-07 (Ha)
Fermi level                        : -1.8887216517E-01 (Ha)
Average force                      :  2.1581935913E-02 (Ha/Bohr)
Maximum force                      :  2.6692941878E-02 (Ha/Bohr)
Time for force calculation         :  1.307 (sec)
Max stress                         :  6.1085618565E-03 (Ha/Bohr**2)
Max stress equiv. all periodic     :  7.4883372610E+00 (GPa)
Time for stress calculation        :  3.744 (sec)
***************************************************************************
                               Timing info                                 
***************************************************************************
Total walltime                     :  74.799 sec
___________________________________________________________________________

***************************************************************************
*             Material Physics & Mechanics Group, Georgia Tech            *
*                       PI: Phanish Suryanarayana                         *
*                Main Developers: Qimen Xu, Abhiraj Sharma                *
*     Acknowledgements: U.S. DOE (DE-SC0019410); NSF (1333500,1553212)    *
***************************************************************************
                                                                           
